npm warn deprecated uuid@7.0.3: uuid@10 and below is no longer supported.  For ESM codebases, update to uuid@latest.  For CommonJS codebases, use uuid@11 (but be aware this version will likely be deprecated in 2028).

added 242 packages, and audited 243 packages in 15s

29 packages are looking for funding
  run `npm fund` for details

7 vulnerabilities (3 moderate, 4 high)

To address all issues (including breaking changes), run:
  npm audit fix --force

Run `npm audit` for details.

> shiftly-app@0.0.0 build
> vite build

[36mvite v8.3.1 [32mbuilding client environment for production...[36m[39m
transforming...
✓ 1952 modules transformed.
rendering chunks...
computing gzip size...
dist/index.html                     1.50 kB │ gzip:   0.67 kB
dist/assets/index-y5RGp6Tg.css      9.43 kB │ gzip:   2.45 kB
dist/assets/web-BWBh9QQS.js         0.12 kB │ gzip:   0.12 kB
dist/assets/web-dvWviTDi.js         0.89 kB │ gzip:   0.45 kB
dist/assets/web-WoPM9jy0.js         2.08 kB │ gzip:   0.85 kB
dist/assets/index-C423EMxb.js   1,179.68 kB │ gzip: 331.94 kB

[33m[plugin builtin:vite-reporter] 
(!) Some chunks are larger than 500 kB after minification. Consider:
- Using dynamic import() to code-split the application
- Use build.rolldownOptions.output.codeSplitting to improve chunking: https://rolldown.rs/reference/OutputOptions.codeSplitting
- Adjust chunk size limit for this warning via build.chunkSizeWarningLimit.[39m
[32m✓ built in 454ms[39m
✔ Copying web assets from dist to android/app/src/main/assets/public in 148.47ms
✔ Creating capacitor.config.json in android/app/src/main/assets in 493.17μs
✔ copy android in 159.68ms
✔ Updating Android plugins in 2.14ms
[info] Found 6 Capacitor plugins for android:
       @capacitor/app@8.1.1
       @capacitor/camera@8.2.4
       @capacitor/geolocation@8.2.2
       @capacitor/haptics@8.0.2
       @capacitor/splash-screen@8.0.2
       @capacitor/status-bar@8.0.3
✔ update android in 117.95ms
[info] Sync finished in 0.299s
Downloading https://services.gradle.org/distributions/gradle-8.14.3-all.zip
.....................10%.....................20%......................30%.....................40%......................50%.....................60%.....................70%......................80%.....................90%......................100%

Welcome to Gradle 8.14.3!

Here are the highlights of this release:
 - Java 24 support
 - GraalVM Native Image toolchain selection
 - Enhancements to test reporting
 - Build Authoring improvements

For more details see https://docs.gradle.org/8.14.3/release-notes.html

To honour the JVM settings for this build a single-use Daemon process will be forked. For more on this, please refer to https://docs.gradle.org/8.14.3/userguide/gradle_daemon.html#sec:disabling_the_daemon in the Gradle documentation.
Daemon will be stopped at the end of the build 

> Configure project :app
WARNING: Using flatDir should be avoided because it doesn't support any meta-data formats.

> Configure project :capacitor-cordova-android-plugins
WARNING: Using flatDir should be avoided because it doesn't support any meta-data formats.

> Task :app:preBuild UP-TO-DATE
> Task :app:preDebugBuild UP-TO-DATE
> Task :app:mergeDebugNativeDebugMetadata NO-SOURCE
> Task :capacitor-android:preBuild UP-TO-DATE
> Task :capacitor-android:preDebugBuild UP-TO-DATE
> Task :capacitor-app:preBuild UP-TO-DATE
> Task :capacitor-app:preDebugBuild UP-TO-DATE
> Task :capacitor-camera:preBuild UP-TO-DATE
> Task :capacitor-camera:preDebugBuild UP-TO-DATE
> Task :capacitor-camera:writeDebugAarMetadata
> Task :capacitor-app:writeDebugAarMetadata
> Task :capacitor-android:writeDebugAarMetadata
> Task :app:javaPreCompileDebug
> Task :capacitor-cordova-android-plugins:preBuild UP-TO-DATE
> Task :capacitor-cordova-android-plugins:preDebugBuild UP-TO-DATE
> Task :capacitor-geolocation:preBuild UP-TO-DATE
> Task :capacitor-geolocation:preDebugBuild UP-TO-DATE
> Task :capacitor-cordova-android-plugins:writeDebugAarMetadata
> Task :capacitor-haptics:preBuild UP-TO-DATE
> Task :capacitor-geolocation:writeDebugAarMetadata
> Task :capacitor-haptics:preDebugBuild UP-TO-DATE
> Task :capacitor-haptics:writeDebugAarMetadata
> Task :capacitor-splash-screen:preBuild UP-TO-DATE
> Task :capacitor-splash-screen:preDebugBuild UP-TO-DATE
> Task :capacitor-splash-screen:writeDebugAarMetadata
> Task :capacitor-status-bar:preBuild UP-TO-DATE
> Task :capacitor-status-bar:preDebugBuild UP-TO-DATE
> Task :capacitor-status-bar:writeDebugAarMetadata
> Task :app:generateDebugResValues
> Task :capacitor-android:generateDebugResValues
> Task :app:checkDebugAarMetadata
> Task :capacitor-android:generateDebugResources
> Task :capacitor-android:packageDebugResources
> Task :capacitor-app:generateDebugResValues
> Task :capacitor-app:generateDebugResources
> Task :capacitor-app:packageDebugResources
> Task :capacitor-camera:generateDebugResValues
> Task :capacitor-camera:generateDebugResources
> Task :capacitor-camera:packageDebugResources
> Task :capacitor-cordova-android-plugins:generateDebugResValues
> Task :capacitor-cordova-android-plugins:generateDebugResources
> Task :capacitor-cordova-android-plugins:packageDebugResources
> Task :capacitor-geolocation:generateDebugResValues
> Task :capacitor-geolocation:generateDebugResources
> Task :capacitor-geolocation:packageDebugResources
> Task :capacitor-haptics:generateDebugResValues
> Task :capacitor-haptics:generateDebugResources
> Task :capacitor-haptics:packageDebugResources
> Task :capacitor-splash-screen:generateDebugResValues
> Task :capacitor-splash-screen:generateDebugResources
> Task :capacitor-splash-screen:packageDebugResources
> Task :capacitor-status-bar:generateDebugResValues
> Task :capacitor-status-bar:generateDebugResources
> Task :capacitor-status-bar:packageDebugResources
> Task :app:mapDebugSourceSetPaths
> Task :app:generateDebugResources
> Task :app:packageDebugResources
> Task :app:mergeDebugResources
> Task :app:createDebugCompatibleScreenManifests
> Task :app:extractDeepLinksDebug
> Task :capacitor-android:extractDeepLinksDebug
> Task :capacitor-app:extractDeepLinksDebug
> Task :capacitor-camera:extractDeepLinksDebug
> Task :app:parseDebugLocalResources
> Task :capacitor-cordova-android-plugins:extractDeepLinksDebug
> Task :capacitor-android:processDebugManifest
> Task :capacitor-camera:processDebugManifest
> Task :capacitor-app:processDebugManifest
> Task :capacitor-cordova-android-plugins:processDebugManifest
> Task :capacitor-geolocation:extractDeepLinksDebug
> Task :capacitor-haptics:extractDeepLinksDebug
> Task :capacitor-geolocation:processDebugManifest
> Task :capacitor-splash-screen:extractDeepLinksDebug
> Task :capacitor-haptics:processDebugManifest
> Task :capacitor-status-bar:extractDeepLinksDebug
> Task :capacitor-splash-screen:processDebugManifest
> Task :capacitor-status-bar:processDebugManifest
> Task :capacitor-android:compileDebugLibraryResources
> Task :app:processDebugMainManifest
> Task :app:processDebugManifest
> Task :capacitor-app:compileDebugLibraryResources
> Task :app:processDebugManifestForPackage
> Task :capacitor-android:parseDebugLocalResources
> Task :capacitor-camera:compileDebugLibraryResources
> Task :capacitor-app:parseDebugLocalResources
> Task :capacitor-cordova-android-plugins:compileDebugLibraryResources
> Task :capacitor-camera:parseDebugLocalResources
> Task :capacitor-app:generateDebugRFile
> Task :capacitor-android:generateDebugRFile
> Task :capacitor-cordova-android-plugins:parseDebugLocalResources
> Task :capacitor-camera:generateDebugRFile
> Task :capacitor-geolocation:compileDebugLibraryResources
> Task :capacitor-haptics:compileDebugLibraryResources
> Task :capacitor-cordova-android-plugins:generateDebugRFile
> Task :capacitor-geolocation:parseDebugLocalResources
> Task :capacitor-haptics:parseDebugLocalResources
> Task :capacitor-splash-screen:compileDebugLibraryResources
> Task :capacitor-geolocation:generateDebugRFile
> Task :capacitor-haptics:generateDebugRFile
> Task :capacitor-splash-screen:parseDebugLocalResources
> Task :capacitor-status-bar:compileDebugLibraryResources
> Task :capacitor-status-bar:parseDebugLocalResources
> Task :capacitor-splash-screen:generateDebugRFile
> Task :capacitor-camera:checkKotlinGradlePluginConfigurationErrors SKIPPED
> Task :capacitor-android:javaPreCompileDebug
> Task :capacitor-status-bar:generateDebugRFile
> Task :capacitor-app:javaPreCompileDebug
> Task :capacitor-camera:javaPreCompileDebug
> Task :app:processDebugResources

> Task :capacitor-android:compileDebugJavaWithJavac
Note: Some input files use unchecked or unsafe operations.
Note: Recompile with -Xlint:unchecked for details.

> Task :capacitor-geolocation:checkKotlinGradlePluginConfigurationErrors SKIPPED
> Task :capacitor-cordova-android-plugins:javaPreCompileDebug
> Task :capacitor-geolocation:javaPreCompileDebug
> Task :capacitor-haptics:javaPreCompileDebug
> Task :capacitor-cordova-android-plugins:compileDebugJavaWithJavac NO-SOURCE
> Task :capacitor-cordova-android-plugins:bundleLibCompileToJarDebug
> Task :capacitor-splash-screen:javaPreCompileDebug
> Task :capacitor-status-bar:javaPreCompileDebug
> Task :capacitor-android:bundleLibCompileToJarDebug
> Task :app:mergeDebugShaders
> Task :capacitor-app:compileDebugJavaWithJavac
> Task :capacitor-app:bundleLibCompileToJarDebug
> Task :capacitor-haptics:compileDebugJavaWithJavac
> Task :capacitor-haptics:bundleLibCompileToJarDebug
> Task :capacitor-splash-screen:compileDebugJavaWithJavac
> Task :capacitor-splash-screen:bundleLibCompileToJarDebug
> Task :capacitor-status-bar:compileDebugJavaWithJavac
> Task :app:compileDebugShaders NO-SOURCE
> Task :app:generateDebugAssets UP-TO-DATE
> Task :capacitor-status-bar:bundleLibCompileToJarDebug
> Task :capacitor-android:mergeDebugShaders
> Task :capacitor-android:compileDebugShaders NO-SOURCE
> Task :capacitor-android:generateDebugAssets UP-TO-DATE
> Task :capacitor-android:mergeDebugAssets
> Task :capacitor-app:mergeDebugShaders
> Task :capacitor-app:compileDebugShaders NO-SOURCE
> Task :capacitor-app:generateDebugAssets UP-TO-DATE
> Task :capacitor-app:mergeDebugAssets
> Task :capacitor-camera:mergeDebugShaders
> Task :capacitor-camera:compileDebugShaders NO-SOURCE
> Task :capacitor-camera:generateDebugAssets UP-TO-DATE
> Task :capacitor-camera:mergeDebugAssets
> Task :capacitor-cordova-android-plugins:mergeDebugShaders
> Task :capacitor-cordova-android-plugins:compileDebugShaders NO-SOURCE
> Task :capacitor-cordova-android-plugins:generateDebugAssets UP-TO-DATE
> Task :capacitor-cordova-android-plugins:mergeDebugAssets
> Task :capacitor-geolocation:mergeDebugShaders
> Task :capacitor-geolocation:compileDebugShaders NO-SOURCE
> Task :capacitor-geolocation:generateDebugAssets UP-TO-DATE
> Task :capacitor-geolocation:mergeDebugAssets
> Task :capacitor-haptics:mergeDebugShaders
> Task :capacitor-haptics:compileDebugShaders NO-SOURCE
> Task :capacitor-haptics:generateDebugAssets UP-TO-DATE
> Task :capacitor-haptics:mergeDebugAssets
> Task :capacitor-splash-screen:mergeDebugShaders
> Task :capacitor-splash-screen:compileDebugShaders NO-SOURCE
> Task :capacitor-splash-screen:generateDebugAssets UP-TO-DATE
> Task :capacitor-splash-screen:mergeDebugAssets
> Task :capacitor-status-bar:mergeDebugShaders
> Task :capacitor-status-bar:compileDebugShaders NO-SOURCE
> Task :capacitor-status-bar:generateDebugAssets UP-TO-DATE
> Task :capacitor-status-bar:mergeDebugAssets
> Task :app:mergeDebugAssets
> Task :capacitor-app:bundleLibRuntimeToJarDebug
> Task :app:compressDebugAssets
> Task :capacitor-haptics:bundleLibRuntimeToJarDebug
> Task :capacitor-splash-screen:bundleLibRuntimeToJarDebug
> Task :capacitor-status-bar:bundleLibRuntimeToJarDebug
> Task :capacitor-android:bundleLibRuntimeToJarDebug
> Task :capacitor-cordova-android-plugins:bundleLibRuntimeToJarDebug
> Task :app:desugarDebugFileDependencies
> Task :app:processDebugJavaRes NO-SOURCE
> Task :capacitor-android:processDebugJavaRes NO-SOURCE
> Task :capacitor-app:processDebugJavaRes NO-SOURCE
> Task :capacitor-cordova-android-plugins:processDebugJavaRes NO-SOURCE
> Task :capacitor-haptics:processDebugJavaRes NO-SOURCE
> Task :capacitor-splash-screen:processDebugJavaRes NO-SOURCE
> Task :capacitor-status-bar:processDebugJavaRes NO-SOURCE
> Task :app:checkDebugDuplicateClasses
> Task :capacitor-geolocation:compileDebugKotlin

> Task :capacitor-camera:compileDebugKotlin
w: file:///home/runner/work/shiftly-app/shiftly-app/node_modules/@capacitor/camera/android/src/main/java/com/capacitorjs/plugins/camera/IonCameraFlow.kt:864:13 Condition is always 'false'.

> Task :capacitor-camera:compileDebugJavaWithJavac
Note: /home/runner/work/shiftly-app/shiftly-app/node_modules/@capacitor/camera/android/src/main/java/com/capacitorjs/plugins/camera/CameraBottomSheetDialogFragment.java uses unchecked or unsafe operations.
Note: Recompile with -Xlint:unchecked for details.

> Task :app:mergeExtDexDebug
> Task :capacitor-geolocation:compileDebugJavaWithJavac NO-SOURCE
> Task :capacitor-camera:bundleLibCompileToJarDebug
> Task :capacitor-geolocation:bundleLibCompileToJarDebug
> Task :capacitor-geolocation:bundleLibRuntimeToJarDebug
> Task :capacitor-camera:bundleLibRuntimeToJarDebug
> Task :app:compileDebugJavaWithJavac
> Task :app:dexBuilderDebug
> Task :app:mergeDebugGlobalSynthetics
> Task :capacitor-camera:processDebugJavaRes
> Task :capacitor-geolocation:processDebugJavaRes
> Task :capacitor-geolocation:bundleLibRuntimeToDirDebug
> Task :capacitor-app:bundleLibRuntimeToDirDebug
> Task :capacitor-camera:bundleLibRuntimeToDirDebug
> Task :capacitor-haptics:bundleLibRuntimeToDirDebug
> Task :capacitor-status-bar:bundleLibRuntimeToDirDebug
> Task :capacitor-splash-screen:bundleLibRuntimeToDirDebug
> Task :capacitor-android:bundleLibRuntimeToDirDebug
> Task :capacitor-cordova-android-plugins:bundleLibRuntimeToDirDebug
> Task :app:mergeDebugJniLibFolders
> Task :capacitor-android:mergeDebugJniLibFolders
> Task :capacitor-android:mergeDebugNativeLibs NO-SOURCE
> Task :capacitor-android:copyDebugJniLibsProjectOnly
> Task :app:mergeProjectDexDebug
> Task :capacitor-app:mergeDebugJniLibFolders
> Task :capacitor-app:mergeDebugNativeLibs NO-SOURCE
> Task :capacitor-app:copyDebugJniLibsProjectOnly
> Task :capacitor-camera:mergeDebugJniLibFolders
> Task :capacitor-camera:mergeDebugNativeLibs NO-SOURCE
> Task :capacitor-camera:copyDebugJniLibsProjectOnly
> Task :capacitor-cordova-android-plugins:mergeDebugJniLibFolders
> Task :capacitor-cordova-android-plugins:mergeDebugNativeLibs NO-SOURCE
> Task :capacitor-cordova-android-plugins:copyDebugJniLibsProjectOnly
> Task :capacitor-geolocation:mergeDebugJniLibFolders
> Task :capacitor-geolocation:mergeDebugNativeLibs NO-SOURCE
> Task :capacitor-geolocation:copyDebugJniLibsProjectOnly
> Task :capacitor-haptics:mergeDebugJniLibFolders
> Task :capacitor-haptics:mergeDebugNativeLibs NO-SOURCE
> Task :capacitor-haptics:copyDebugJniLibsProjectOnly
> Task :capacitor-splash-screen:mergeDebugJniLibFolders
> Task :capacitor-splash-screen:mergeDebugNativeLibs NO-SOURCE
> Task :capacitor-splash-screen:copyDebugJniLibsProjectOnly
> Task :capacitor-status-bar:mergeDebugJniLibFolders
> Task :capacitor-status-bar:mergeDebugNativeLibs NO-SOURCE
> Task :capacitor-status-bar:copyDebugJniLibsProjectOnly
> Task :app:mergeDebugJavaResource
> Task :app:validateSigningDebug
> Task :app:mergeLibDexDebug
> Task :app:writeDebugAppMetadata
> Task :app:mergeDebugNativeLibs
> Task :app:writeDebugSigningConfigVersions
> Task :capacitor-android:stripDebugDebugSymbols NO-SOURCE
> Task :capacitor-android:copyDebugJniLibsProjectAndLocalJars

> Task :app:stripDebugDebugSymbols
Unable to strip the following libraries, packaging them as they are: libimage_processing_util_jni.so, libsurface_util_jni.so.

> Task :capacitor-android:extractDebugAnnotations
> Task :capacitor-android:extractDeepLinksForAarDebug
> Task :capacitor-android:mergeDebugGeneratedProguardFiles
> Task :capacitor-android:mergeDebugConsumerProguardFiles
> Task :capacitor-android:prepareDebugArtProfile
> Task :capacitor-android:prepareLintJarForPublish
> Task :capacitor-app:stripDebugDebugSymbols NO-SOURCE
> Task :capacitor-android:mergeDebugJavaResource
> Task :capacitor-app:copyDebugJniLibsProjectAndLocalJars
> Task :capacitor-android:syncDebugLibJars
> Task :capacitor-android:bundleDebugAar
> Task :capacitor-android:assembleDebug
> Task :capacitor-app:extractDebugAnnotations
> Task :capacitor-app:extractDeepLinksForAarDebug
> Task :capacitor-app:mergeDebugGeneratedProguardFiles
> Task :capacitor-app:mergeDebugConsumerProguardFiles
> Task :capacitor-app:prepareDebugArtProfile
> Task :capacitor-app:prepareLintJarForPublish
> Task :capacitor-app:mergeDebugJavaResource
> Task :capacitor-camera:stripDebugDebugSymbols NO-SOURCE
> Task :capacitor-app:syncDebugLibJars
> Task :capacitor-app:bundleDebugAar
> Task :capacitor-app:assembleDebug
> Task :capacitor-camera:copyDebugJniLibsProjectAndLocalJars
> Task :capacitor-camera:extractDebugAnnotations
> Task :capacitor-camera:extractDeepLinksForAarDebug
> Task :capacitor-camera:mergeDebugGeneratedProguardFiles
> Task :capacitor-camera:mergeDebugConsumerProguardFiles
> Task :capacitor-camera:prepareDebugArtProfile
> Task :capacitor-camera:prepareLintJarForPublish
> Task :capacitor-cordova-android-plugins:stripDebugDebugSymbols NO-SOURCE
> Task :capacitor-cordova-android-plugins:copyDebugJniLibsProjectAndLocalJars
> Task :capacitor-camera:mergeDebugJavaResource
> Task :capacitor-cordova-android-plugins:extractDebugAnnotations
> Task :capacitor-camera:syncDebugLibJars
> Task :capacitor-camera:bundleDebugAar
> Task :capacitor-camera:assembleDebug
> Task :capacitor-cordova-android-plugins:extractDeepLinksForAarDebug
> Task :capacitor-cordova-android-plugins:mergeDebugGeneratedProguardFiles
> Task :capacitor-cordova-android-plugins:mergeDebugConsumerProguardFiles
> Task :capacitor-cordova-android-plugins:prepareDebugArtProfile
> Task :capacitor-cordova-android-plugins:prepareLintJarForPublish
> Task :app:packageDebug
> Task :app:createDebugApkListingFileRedirect
> Task :app:assembleDebug
> Task :capacitor-geolocation:stripDebugDebugSymbols NO-SOURCE
> Task :capacitor-cordova-android-plugins:mergeDebugJavaResource
> Task :capacitor-geolocation:copyDebugJniLibsProjectAndLocalJars
> Task :capacitor-cordova-android-plugins:syncDebugLibJars
> Task :capacitor-cordova-android-plugins:bundleDebugAar
> Task :capacitor-cordova-android-plugins:assembleDebug
> Task :capacitor-geolocation:extractDebugAnnotations
> Task :capacitor-geolocation:extractDeepLinksForAarDebug
> Task :capacitor-geolocation:mergeDebugGeneratedProguardFiles
> Task :capacitor-geolocation:mergeDebugConsumerProguardFiles
> Task :capacitor-geolocation:prepareDebugArtProfile
> Task :capacitor-geolocation:prepareLintJarForPublish
> Task :capacitor-haptics:stripDebugDebugSymbols NO-SOURCE
> Task :capacitor-geolocation:mergeDebugJavaResource
> Task :capacitor-haptics:copyDebugJniLibsProjectAndLocalJars
> Task :capacitor-geolocation:syncDebugLibJars
> Task :capacitor-geolocation:bundleDebugAar
> Task :capacitor-geolocation:assembleDebug
> Task :capacitor-haptics:extractDebugAnnotations
> Task :capacitor-haptics:extractDeepLinksForAarDebug
> Task :capacitor-haptics:mergeDebugGeneratedProguardFiles
> Task :capacitor-haptics:mergeDebugConsumerProguardFiles
> Task :capacitor-haptics:prepareDebugArtProfile
> Task :capacitor-haptics:prepareLintJarForPublish
> Task :capacitor-haptics:mergeDebugJavaResource
> Task :capacitor-splash-screen:stripDebugDebugSymbols NO-SOURCE
> Task :capacitor-haptics:syncDebugLibJars
> Task :capacitor-haptics:bundleDebugAar
> Task :capacitor-haptics:assembleDebug
> Task :capacitor-splash-screen:copyDebugJniLibsProjectAndLocalJars
> Task :capacitor-splash-screen:extractDebugAnnotations
> Task :capacitor-splash-screen:extractDeepLinksForAarDebug
> Task :capacitor-splash-screen:mergeDebugGeneratedProguardFiles
> Task :capacitor-splash-screen:mergeDebugConsumerProguardFiles
> Task :capacitor-splash-screen:prepareDebugArtProfile
> Task :capacitor-splash-screen:prepareLintJarForPublish
> Task :capacitor-status-bar:stripDebugDebugSymbols NO-SOURCE
> Task :capacitor-splash-screen:mergeDebugJavaResource
> Task :capacitor-status-bar:copyDebugJniLibsProjectAndLocalJars
> Task :capacitor-status-bar:extractDebugAnnotations
> Task :capacitor-splash-screen:syncDebugLibJars
> Task :capacitor-splash-screen:bundleDebugAar
> Task :capacitor-splash-screen:assembleDebug
> Task :capacitor-status-bar:extractDeepLinksForAarDebug
> Task :capacitor-status-bar:mergeDebugGeneratedProguardFiles
> Task :capacitor-status-bar:mergeDebugConsumerProguardFiles
> Task :capacitor-status-bar:prepareDebugArtProfile
> Task :capacitor-status-bar:prepareLintJarForPublish
> Task :capacitor-status-bar:mergeDebugJavaResource
> Task :capacitor-status-bar:syncDebugLibJars
> Task :capacitor-status-bar:bundleDebugAar
> Task :capacitor-status-bar:assembleDebug

[Incubating] Problems report is available at: file:///home/runner/work/shiftly-app/shiftly-app/android/build/reports/problems/problems-report.html

Deprecated Gradle features were used in this build, making it incompatible with Gradle 9.0.

You can use '--warning-mode all' to show the individual deprecation warnings and determine if they come from your own scripts or plugins.

For more on this, please refer to https://docs.gradle.org/8.14.3/userguide/command_line_interface.html#sec:command_line_warnings in the Gradle documentation.

BUILD SUCCESSFUL in 2m 13s
260 actionable tasks: 260 executed
